// Vitest Snapshot v1, https://vitest.dev/guide/snapshot.html

exports[`index > looks great > Index Route Snapshot 1`] = `
<DocumentFragment>
  <main>
    <div
      class="w-screen h-screen flex flex-col justify-center items-center bg-blue-900 text-white"
    >
      <h1
        class="text-3xl font-bold"
      >
        remix-electron-demo
      </h1>
      <p
        class="text-xs"
      >
        test-path
      </p>
    </div>
  </main>
</DocumentFragment>
`;
